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 삭제 

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

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


eJwtzL1qwzAUQOF3ubOGJJJjS1ubFkrp2BaSRejn2hWWLfXKjpOGvHsheD3wnRsY57CUz9TjCAqkbNsaOUfLN7tG+qre2z2Xgoumbq0UngtvzM4Cg0zpHDzSSm/rSU/rqvtJ+mPAl+7g3ie7Xd4utuqPx+ff8wlfn/7Eabv5oua7AgYPoqdrRlBg0RASMCguPYLxQxhVnm0MTvd4ZYTGq0QdI8yJzQVJ4WBCZEuivo1pAQZ4yYGwaDOBGucY7/d/XOFQIA==

cd /home/ansgab/PycharmProjects/test

git init

git config --global user.email "ansgab@gmail.com"
git config --global user.name "ansanggap"

git add README.txt
git commit -m "커밋 내용 설명"

파일 변경

git add README.txt
git commit -m "커밋 내용 설명"

(base) ansgab@laptop:~/PycharmProjects/test$ git log
commit 96b630faa68981cd177151d17b02b9d9001cf169 (HEAD -> master)
Author: ansanggap <ansgab@gmail.com>
Date:   Mon Jan 29 13:22:47 2024 +0900

    add description

commit 3fa257593eff9647daa9aea5d5cfbaa86060df2f
Author: ansanggap <ansgab@gmail.com>
Date:   Mon Jan 29 13:19:31 2024 +0900

    add file description
(base) ansgab@laptop:~/PycharmProjects/test$ 


(base) ansgab@laptop:~/PycharmProjects/test$ git checkout 3fa2575
Note: switching to '3fa2575'.

You are in 'detached HEAD' state. You can look around, make experimental
changes and commit them, and you can discard any commits you make in this
state without impacting any branches by switching back to a branch.

If you want to create a new branch to retain commits you create, you may
do so (now or later) by using -c with the switch command. Example:

  git switch -c <new-branch-name>

Or undo this operation with:

  git switch -

Turn off this advice by setting config variable advice.detachedHead to false

HEAD is now at 3fa2575 add file description
(base) ansgab@laptop:~/PycharmProjects/test$ 


(base) ansgab@laptop:~/PycharmProjects/test$ cat README.txt
It is my github test file.
(base) ansgab@laptop:~/PycharmProjects/test$ 


(base) ansgab@laptop:~/PycharmProjects/test$ git checkout -
Previous HEAD position was 3fa2575 add file description
Switched to branch 'master'
(base) ansgab@laptop:~/PycharmProjects/test$ cat README.txt
It is my github test file.
Add Contents
(base) ansgab@laptop:~/PycharmProjects/test$ 


github 에 new repository 생성 

https://github.com/ansanggap/testrepo

https://github.com/ansanggap/testrepo.git



git remote add origin https://github.com/ansanggap/testrepo.git
git branch -M main


(base) ansgab@laptop:~/PycharmProjects/test$ git push origin main
Username for 'https://github.com': ansanggap
Password for 'https://ansanggap@github.com': 
remote: Support for password authentication was removed on August 13, 2021.
remote: Please see https://docs.github.com/en/get-started/getting-started-with-git/about-remote-repositories#cloning-with-https-urls for information on currently recommended modes of authentication.
fatal: Authentication failed for 'https://github.com/ansanggap/testrepo.git/'
(base) ansgab@laptop:~/PycharmProjects/test$ git push origin main
Username for 'https://github.com': "ansanggap"
Password for 'https://"ansanggap"@github.com': 
Enumerating objects: 6, done.
Counting objects: 100% (6/6), done.
Delta compression using up to 4 threads
Compressing objects: 100% (2/2), done.
Writing objects: 100% (6/6), 491 bytes | 491.00 KiB/s, done.
Total 6 (delta 0), reused 0 (delta 0), pack-reused 0
To https://github.com/ansanggap/testrepo.git
 * [new branch]      main -> main
(base) ansgab@laptop:~/PycharmProjects/test$ 

로그인안돼서 토큰 다시 생성하고, username 을 "" 로 묶었더니 됨.


git clone

(base) ansgab@laptop:~/PycharmProjects/test$ cd ..
(base) ansgab@laptop:~/PycharmProjects$ mkdir test1
(base) ansgab@laptop:~/PycharmProjects$ cd test1
(base) ansgab@laptop:~/PycharmProjects/test1$ git clone https://github.com/ansanggap/testrepo.git .
Cloning into '.'...
remote: Enumerating objects: 6, done.
remote: Counting objects: 100% (6/6), done.
remote: Compressing objects: 100% (2/2), done.
remote: Total 6 (delta 0), reused 6 (delta 0), pack-reused 0
Receiving objects: 100% (6/6), done.
(base) ansgab@laptop:~/PycharmProjects/test1$ ls
README.txt
(base) ansgab@laptop:~/PycharmProjects/test1$ cat README.txt
It is my github test file.
Add Contents
(base) ansgab@laptop:~/PycharmProjects/test1$ 


(base) ansgab@laptop:~/PycharmProjects/test1$ vi README.txt
(base) ansgab@laptop:~/PycharmProjects/test1$ ll
total 16
drwxrwxr-x 3 ansgab ansgab 4096  1월 29 14:06 ./
drwxrwxr-x 4 ansgab ansgab 4096  1월 29 14:02 ../
drwxrwxr-x 8 ansgab ansgab 4096  1월 29 14:03 .git/
-rw-rw-r-- 1 ansgab ansgab   67  1월 29 14:06 README.txt
(base) ansgab@laptop:~/PycharmProjects/test1$ ll .git
total 52
drwxrwxr-x 8 ansgab ansgab 4096  1월 29 14:03 ./
drwxrwxr-x 3 ansgab ansgab 4096  1월 29 14:06 ../
drwxrwxr-x 2 ansgab ansgab 4096  1월 29 14:03 branches/
-rw-rw-r-- 1 ansgab ansgab  262  1월 29 14:03 config
-rw-rw-r-- 1 ansgab ansgab   73  1월 29 14:03 description
-rw-rw-r-- 1 ansgab ansgab   21  1월 29 14:03 HEAD
drwxrwxr-x 2 ansgab ansgab 4096  1월 29 14:03 hooks/
-rw-rw-r-- 1 ansgab ansgab  145  1월 29 14:03 index
drwxrwxr-x 2 ansgab ansgab 4096  1월 29 14:03 info/
drwxrwxr-x 3 ansgab ansgab 4096  1월 29 14:03 logs/
drwxrwxr-x 4 ansgab ansgab 4096  1월 29 14:03 objects/
-rw-rw-r-- 1 ansgab ansgab  112  1월 29 14:03 packed-refs
drwxrwxr-x 5 ansgab ansgab 4096  1월 29 14:03 refs/
(base) ansgab@laptop:~/PycharmProjects/test1$ git add README.txt
(base) ansgab@laptop:~/PycharmProjects/test1$ git commit -m "Add Developer list"
[main 95f6a1c] Add Developer list
 1 file changed, 3 insertions(+)
(base) ansgab@laptop:~/PycharmProjects/test1$ git push origin main
Username for 'https://github.com': "ansanggap"
Password for 'https://"ansanggap"@github.com': 
remote: Support for password authentication was removed on August 13, 2021.
remote: Please see https://docs.github.com/en/get-started/getting-started-with-git/about-remote-repositories#cloning-with-https-urls for information on currently recommended modes of authentication.
fatal: Authentication failed for 'https://github.com/ansanggap/testrepo.git/'
(base) ansgab@laptop:~/PycharmProjects/test1$ git push origin main
Username for 'https://github.com': "ansanggap"
Password for 'https://"ansanggap"@github.com': 
Enumerating objects: 5, done.
Counting objects: 100% (5/5), done.
Delta compression using up to 4 threads
Compressing objects: 100% (2/2), done.
Writing objects: 100% (3/3), 309 bytes | 309.00 KiB/s, done.
Total 3 (delta 0), reused 0 (delta 0), pack-reused 0
To https://github.com/ansanggap/testrepo.git
   96b630f..95f6a1c  main -> main
(base) ansgab@laptop:~/PycharmProjects/test1$ 


(base) ansgab@laptop:~/PycharmProjects/test1$ cd ../test
(base) ansgab@laptop:~/PycharmProjects/test$ ls -l
total 208
-rw-rw-r-- 1 ansgab ansgab   921  1월 29 12:07 calendar.py
-rw-rw-r-- 1 ansgab ansgab   920  1월 29 12:11 dateedit.py
	:
	중략
	:
-rw-rw-r-- 1 ansgab ansgab  1118  1월 29 12:40 textbrowser.py
-rw-rw-r-- 1 ansgab ansgab   857  1월 29 12:11 timeedit.py
-rw-rw-r-- 1 ansgab ansgab  5559  1월 28 13:06 web.png
(base) ansgab@laptop:~/PycharmProjects/test$ git pull origin main
remote: Enumerating objects: 5, done.
remote: Counting objects: 100% (5/5), done.
remote: Compressing objects: 100% (2/2), done.
remote: Total 3 (delta 0), reused 3 (delta 0), pack-reused 0
Unpacking objects: 100% (3/3), 289 bytes | 289.00 KiB/s, done.
From https://github.com/ansanggap/testrepo
 * branch            main       -> FETCH_HEAD
   96b630f..95f6a1c  main       -> origin/main
Updating 96b630f..95f6a1c
Fast-forward
 README.txt | 3 +++
 1 file changed, 3 insertions(+)
(base) ansgab@laptop:~/PycharmProjects/test$ cat README.txt
It is my github test file.
Add Contents
Add list
1. cat
2. octopus
(base) ansgab@laptop:~/PycharmProjects/test$ 
